immediates (no heap):
  imm_ 5    = 1
  imm_ 1.0  = 1
  imm_ 'a'  = 1                  // short fixtext
  imm_ No   = 1
  imm_ 'longer text on heap' = 0
  imm_ (1 2 3)    = 0

typename 5     = int
typename 1.0   = float
typename 'hi'  = text
typename a list = list
typename P     = point
P has 40 methods total
first 5 names: (is_macro fields_ is_register is_fnmeta `{}`)

allocating 3 handles, dropping refs immediately...
  using handle 1
  using handle 2
  using handle 3
triggering GC...
  GC: closing handle 1
  GC: closing handle 2
done

rtstat output:
-------------
heap used: XXX+XXX
heap size: 67108864
types: 32
methods: 1960
gid_get_ calls: 0
gid_set_ calls: 0
